[2026-01-03 11:58:02] local.INFO: WhatsApp Service Initialized {"provider":"wppconnect","default_provider":"twilio","clinic_config_used":false,"twilio_configured":false,"meta_configured":false,"chatapi_configured":false} 
[2026-01-03 11:58:02] local.INFO: WhatsApp Service Initialized {"provider":"wppconnect","default_provider":"twilio","clinic_config_used":false,"twilio_configured":false,"meta_configured":false,"chatapi_configured":false} 
[2026-01-03 11:58:02] local.INFO: WhatsApp Service Initialized {"provider":"wppconnect","default_provider":"twilio","clinic_config_used":false,"twilio_configured":false,"meta_configured":false,"chatapi_configured":false} 
[2026-01-03 11:58:02] local.INFO: WhatsApp Service Initialized {"provider":"wppconnect","default_provider":"twilio","clinic_config_used":false,"twilio_configured":false,"meta_configured":false,"chatapi_configured":false} 
[2026-01-03 11:58:02] local.INFO: WhatsApp Service Initialized {"provider":"wppconnect","default_provider":"twilio","clinic_config_used":false,"twilio_configured":false,"meta_configured":false,"chatapi_configured":false} 
[2026-01-03 11:58:02] local.INFO: WhatsApp Service Initialized {"provider":"wppconnect","default_provider":"twilio","clinic_config_used":false,"twilio_configured":false,"meta_configured":false,"chatapi_configured":false} 
[2026-01-03 11:58:02] local.INFO: WhatsApp Service Initialized {"provider":"wppconnect","default_provider":"twilio","clinic_config_used":false,"twilio_configured":false,"meta_configured":false,"chatapi_configured":false} 
[2026-01-03 11:58:02] local.INFO: WhatsApp Service Initialized {"provider":"wppconnect","default_provider":"twilio","clinic_config_used":false,"twilio_configured":false,"meta_configured":false,"chatapi_configured":false} 
[2026-01-03 11:58:02] local.INFO: WhatsApp Service Initialized {"provider":"wppconnect","default_provider":"twilio","clinic_config_used":false,"twilio_configured":false,"meta_configured":false,"chatapi_configured":false} 
[2026-01-03 11:58:02] local.INFO: WhatsApp Service Initialized {"provider":"wppconnect","default_provider":"twilio","clinic_config_used":false,"twilio_configured":false,"meta_configured":false,"chatapi_configured":false} 
[2026-01-03 11:58:10] local.INFO: WhatsApp Service Initialized {"provider":"wppconnect","default_provider":"twilio","clinic_config_used":false,"twilio_configured":false,"meta_configured":false,"chatapi_configured":false} 
[2026-01-03 11:58:10] local.INFO: WhatsApp Service Initialized {"provider":"wppconnect","default_provider":"twilio","clinic_config_used":false,"twilio_configured":false,"meta_configured":false,"chatapi_configured":false} 
[2026-01-03 11:58:10] local.INFO: WhatsApp Service Initialized {"provider":"wppconnect","default_provider":"twilio","clinic_config_used":false,"twilio_configured":false,"meta_configured":false,"chatapi_configured":false} 
[2026-01-03 11:58:10] local.INFO: WhatsApp Service Initialized {"provider":"wppconnect","default_provider":"twilio","clinic_config_used":false,"twilio_configured":false,"meta_configured":false,"chatapi_configured":false} 
[2026-01-03 11:58:10] local.INFO: WhatsApp Service Initialized {"provider":"wppconnect","default_provider":"twilio","clinic_config_used":false,"twilio_configured":false,"meta_configured":false,"chatapi_configured":false} 
[2026-01-03 11:58:10] local.INFO: WhatsApp Service Initialized {"provider":"wppconnect","default_provider":"twilio","clinic_config_used":false,"twilio_configured":false,"meta_configured":false,"chatapi_configured":false} 
[2026-01-03 11:58:10] local.INFO: WhatsApp Service Initialized {"provider":"wppconnect","default_provider":"twilio","clinic_config_used":false,"twilio_configured":false,"meta_configured":false,"chatapi_configured":false} 
[2026-01-03 11:58:10] local.INFO: WhatsApp Service Initialized {"provider":"wppconnect","default_provider":"twilio","clinic_config_used":false,"twilio_configured":false,"meta_configured":false,"chatapi_configured":false} 
[2026-01-03 11:58:10] local.INFO: WhatsApp Service Initialized {"provider":"wppconnect","default_provider":"twilio","clinic_config_used":false,"twilio_configured":false,"meta_configured":false,"chatapi_configured":false} 
[2026-01-03 11:58:10] local.INFO: WhatsApp Service Initialized {"provider":"wppconnect","default_provider":"twilio","clinic_config_used":false,"twilio_configured":false,"meta_configured":false,"chatapi_configured":false} 
[2026-01-03 11:58:10] local.INFO: WhatsApp Service Initialized {"provider":"wppconnect","default_provider":"twilio","clinic_config_used":false,"twilio_configured":false,"meta_configured":false,"chatapi_configured":false} 
[2026-01-06 12:04:53] local.INFO: WhatsApp Service Initialized {"provider":"wppconnect","default_provider":"twilio","clinic_config_used":false,"twilio_configured":false,"meta_configured":false,"chatapi_configured":false} 
[2026-01-06 12:04:54] local.INFO: WhatsApp Service Initialized {"provider":"wppconnect","default_provider":"twilio","clinic_config_used":false,"twilio_configured":false,"meta_configured":false,"chatapi_configured":false} 
[2026-01-06 12:04:54] local.INFO: WhatsApp Service Initialized {"provider":"wppconnect","default_provider":"twilio","clinic_config_used":false,"twilio_configured":false,"meta_configured":false,"chatapi_configured":false} 
[2026-01-06 12:04:54] local.INFO: WhatsApp Service Initialized {"provider":"wppconnect","default_provider":"twilio","clinic_config_used":false,"twilio_configured":false,"meta_configured":false,"chatapi_configured":false} 
[2026-01-06 12:04:54] local.INFO: WhatsApp Service Initialized {"provider":"wppconnect","default_provider":"twilio","clinic_config_used":false,"twilio_configured":false,"meta_configured":false,"chatapi_configured":false} 
[2026-01-06 12:04:54] local.INFO: WhatsApp Service Initialized {"provider":"wppconnect","default_provider":"twilio","clinic_config_used":false,"twilio_configured":false,"meta_configured":false,"chatapi_configured":false} 
[2026-01-06 12:04:54] local.INFO: WhatsApp Service Initialized {"provider":"wppconnect","default_provider":"twilio","clinic_config_used":false,"twilio_configured":false,"meta_configured":false,"chatapi_configured":false} 
[2026-01-06 12:04:54] local.INFO: WhatsApp Service Initialized {"provider":"wppconnect","default_provider":"twilio","clinic_config_used":false,"twilio_configured":false,"meta_configured":false,"chatapi_configured":false} 
[2026-01-06 12:04:54] local.INFO: WhatsApp Service Initialized {"provider":"wppconnect","default_provider":"twilio","clinic_config_used":false,"twilio_configured":false,"meta_configured":false,"chatapi_configured":false} 
[2026-01-06 12:04:54] local.INFO: WhatsApp Service Initialized {"provider":"wppconnect","default_provider":"twilio","clinic_config_used":false,"twilio_configured":false,"meta_configured":false,"chatapi_configured":false} 
[2026-01-06 12:04:54] local.INFO: WhatsApp Service Initialized {"provider":"wppconnect","default_provider":"twilio","clinic_config_used":false,"twilio_configured":false,"meta_configured":false,"chatapi_configured":false} 
[2026-03-03 13:45:57] local.ERROR: Unclosed '{' on line 11 {"exception":"[object] (ParseError(code: 0): Unclosed '{' on line 11 at /Users/ehabkhorshed/Desktop/Documents/augment-projects/Concure Cloud/app/Services/StorageQuotaService.php:152)
[stacktrace]
#0 /Users/ehabkhorshed/Desktop/Documents/augment-projects/Concure Cloud/vendor/composer/ClassLoader.php(427): {closure:Composer\\Autoload\\ClassLoader::initializeIncludeClosure():575}('/Users/ehabkhor...')
#1 [internal function]: Composer\\Autoload\\ClassLoader->loadClass('App\\\\Services\\\\St...')
#2 /Users/ehabkhorshed/Desktop/Documents/augment-projects/Concure Cloud/vendor/laravel/framework/src/Illuminate/Container/Container.php(912): ReflectionClass->__construct('App\\\\Services\\\\St...')
#3 /Users/ehabkhorshed/Desktop/Documents/augment-projects/Concure Cloud/vendor/laravel/framework/src/Illuminate/Container/Container.php(795): Illuminate\\Container\\Container->build('App\\\\Services\\\\St...')
#4 /Users/ehabkhorshed/Desktop/Documents/augment-projects/Concure Cloud/vendor/laravel/framework/src/Illuminate/Foundation/Application.php(986): Illuminate\\Container\\Container->resolve('App\\\\Services\\\\St...', Array, true)
#5 /Users/ehabkhorshed/Desktop/Documents/augment-projects/Concure Cloud/vendor/laravel/framework/src/Illuminate/Container/Container.php(731): Illuminate\\Foundation\\Application->resolve('App\\\\Services\\\\St...', Array)
#6 /Users/ehabkhorshed/Desktop/Documents/augment-projects/Concure Cloud/vendor/laravel/framework/src/Illuminate/Foundation/Application.php(971): Illuminate\\Container\\Container->make('App\\\\Services\\\\St...', Array)
#7 /Users/ehabkhorshed/Desktop/Documents/augment-projects/Concure Cloud/vendor/laravel/framework/src/Illuminate/Container/Container.php(1066): Illuminate\\Foundation\\Application->make('App\\\\Services\\\\St...')
#8 /Users/ehabkhorshed/Desktop/Documents/augment-projects/Concure Cloud/vendor/laravel/framework/src/Illuminate/Container/Container.php(982): Illuminate\\Container\\Container->resolveClass(Object(ReflectionParameter))
#9 /Users/ehabkhorshed/Desktop/Documents/augment-projects/Concure Cloud/vendor/laravel/framework/src/Illuminate/Container/Container.php(943): Illuminate\\Container\\Container->resolveDependencies(Array)
#10 /Users/ehabkhorshed/Desktop/Documents/augment-projects/Concure Cloud/vendor/laravel/framework/src/Illuminate/Container/Container.php(795): Illuminate\\Container\\Container->build('App\\\\Http\\\\Contro...')
#11 /Users/ehabkhorshed/Desktop/Documents/augment-projects/Concure Cloud/vendor/laravel/framework/src/Illuminate/Foundation/Application.php(986): Illuminate\\Container\\Container->resolve('App\\\\Http\\\\Contro...', Array, true)
#12 /Users/ehabkhorshed/Desktop/Documents/augment-projects/Concure Cloud/vendor/laravel/framework/src/Illuminate/Container/Container.php(731): Illuminate\\Foundation\\Application->resolve('App\\\\Http\\\\Contro...', Array)
#13 /Users/ehabkhorshed/Desktop/Documents/augment-projects/Concure Cloud/vendor/laravel/framework/src/Illuminate/Foundation/Application.php(971): Illuminate\\Container\\Container->make('App\\\\Http\\\\Contro...', Array)
#14 /Users/ehabkhorshed/Desktop/Documents/augment-projects/Concure Cloud/vendor/laravel/framework/src/Illuminate/Routing/Route.php(278): Illuminate\\Foundation\\Application->make('App\\\\Http\\\\Contro...')
#15 /Users/ehabkhorshed/Desktop/Documents/augment-projects/Concure Cloud/vendor/laravel/framework/src/Illuminate/Routing/Route.php(1104): Illuminate\\Routing\\Route->getController()
#16 /Users/ehabkhorshed/Desktop/Documents/augment-projects/Concure Cloud/vendor/laravel/framework/src/Illuminate/Routing/Route.php(1035): Illuminate\\Routing\\Route->controllerMiddleware()
#17 /Users/ehabkhorshed/Desktop/Documents/augment-projects/Concure Cloud/vendor/laravel/framework/src/Illuminate/Routing/Router.php(818): Illuminate\\Routing\\Route->gatherMiddleware()
#18 /Users/ehabkhorshed/Desktop/Documents/augment-projects/Concure Cloud/vendor/laravel/framework/src/Illuminate/Foundation/Console/RouteListCommand.php(201): Illuminate\\Routing\\Router->gatherRouteMiddleware(Object(Illuminate\\Routing\\Route))
#19 /Users/ehabkhorshed/Desktop/Documents/augment-projects/Concure Cloud/vendor/laravel/framework/src/Illuminate/Foundation/Console/RouteListCommand.php(146): Illuminate\\Foundation\\Console\\RouteListCommand->getMiddleware(Object(Illuminate\\Routing\\Route))
#20 /Users/ehabkhorshed/Desktop/Documents/augment-projects/Concure Cloud/vendor/laravel/framework/src/Illuminate/Foundation/Console/RouteListCommand.php(116): Illuminate\\Foundation\\Console\\RouteListCommand->getRouteInformation(Object(Illuminate\\Routing\\Route))
#21 [internal function]: Illuminate\\Foundation\\Console\\RouteListCommand->{closure:Illuminate\\Foundation\\Console\\RouteListCommand::getRoutes():115}(Object(Illuminate\\Routing\\Route), 41)
#22 /Users/ehabkhorshed/Desktop/Documents/augment-projects/Concure Cloud/vendor/laravel/framework/src/Illuminate/Collections/Arr.php(600): array_map(Object(Closure), Array, Array)
#23 /Users/ehabkhorshed/Desktop/Documents/augment-projects/Concure Cloud/vendor/laravel/framework/src/Illuminate/Collections/Collection.php(778): Illuminate\\Support\\Arr::map(Array, Object(Closure))
#24 /Users/ehabkhorshed/Desktop/Documents/augment-projects/Concure Cloud/vendor/laravel/framework/src/Illuminate/Foundation/Console/RouteListCommand.php(115): Illuminate\\Support\\Collection->map(Object(Closure))
#25 /Users/ehabkhorshed/Desktop/Documents/augment-projects/Concure Cloud/vendor/laravel/framework/src/Illuminate/Foundation/Console/RouteListCommand.php(101): Illuminate\\Foundation\\Console\\RouteListCommand->getRoutes()
#26 /Users/ehabkhorshed/Desktop/Documents/augment-projects/Concure Cloud/vendor/laravel/framework/src/Illuminate/Container/BoundMethod.php(36): Illuminate\\Foundation\\Console\\RouteListCommand->handle()
#27 /Users/ehabkhorshed/Desktop/Documents/augment-projects/Concure Cloud/vendor/laravel/framework/src/Illuminate/Container/Util.php(41): Illuminate\\Container\\BoundMethod::{closure:Illuminate\\Container\\BoundMethod::call():35}()
#28 /Users/ehabkhorshed/Desktop/Documents/augment-projects/Concure Cloud/vendor/laravel/framework/src/Illuminate/Container/BoundMethod.php(93): Illuminate\\Container\\Util::unwrapIfClosure(Object(Closure))
#29 /Users/ehabkhorshed/Desktop/Documents/augment-projects/Concure Cloud/vendor/laravel/framework/src/Illuminate/Container/BoundMethod.php(35): Illuminate\\Container\\BoundMethod::callBoundMethod(Object(Illuminate\\Foundation\\Application), Array, Object(Closure))
#30 /Users/ehabkhorshed/Desktop/Documents/augment-projects/Concure Cloud/vendor/laravel/framework/src/Illuminate/Container/Container.php(662): Illuminate\\Container\\BoundMethod::call(Object(Illuminate\\Foundation\\Application), Array, Array, NULL)
#31 /Users/ehabkhorshed/Desktop/Documents/augment-projects/Concure Cloud/vendor/laravel/framework/src/Illuminate/Console/Command.php(211): Illuminate\\Container\\Container->call(Array)
#32 /Users/ehabkhorshed/Desktop/Documents/augment-projects/Concure Cloud/vendor/symfony/console/Command/Command.php(326): Illuminate\\Console\\Command->execute(Object(Symfony\\Component\\Console\\Input\\ArgvInput), Object(Illuminate\\Console\\OutputStyle))
#33 /Users/ehabkhorshed/Desktop/Documents/augment-projects/Concure Cloud/vendor/laravel/framework/src/Illuminate/Console/Command.php(180): Symfony\\Component\\Console\\Command\\Command->run(Object(Symfony\\Component\\Console\\Input\\ArgvInput), Object(Illuminate\\Console\\OutputStyle))
#34 /Users/ehabkhorshed/Desktop/Documents/augment-projects/Concure Cloud/vendor/symfony/console/Application.php(1096): Illuminate\\Console\\Command->run(Object(Symfony\\Component\\Console\\Input\\ArgvInput), Object(Symfony\\Component\\Console\\Output\\ConsoleOutput))
#35 /Users/ehabkhorshed/Desktop/Documents/augment-projects/Concure Cloud/vendor/symfony/console/Application.php(324): Symfony\\Component\\Console\\Application->doRunCommand(Object(Illuminate\\Foundation\\Console\\RouteListCommand), Object(Symfony\\Component\\Console\\Input\\ArgvInput), Object(Symfony\\Component\\Console\\Output\\ConsoleOutput))
#36 /Users/ehabkhorshed/Desktop/Documents/augment-projects/Concure Cloud/vendor/symfony/console/Application.php(175): Symfony\\Component\\Console\\Application->doRun(Object(Symfony\\Component\\Console\\Input\\ArgvInput), Object(Symfony\\Component\\Console\\Output\\ConsoleOutput))
#37 /Users/ehabkhorshed/Desktop/Documents/augment-projects/Concure Cloud/vendor/laravel/framework/src/Illuminate/Foundation/Console/Kernel.php(201): Symfony\\Component\\Console\\Application->run(Object(Symfony\\Component\\Console\\Input\\ArgvInput), Object(Symfony\\Component\\Console\\Output\\ConsoleOutput))
#38 /Users/ehabkhorshed/Desktop/Documents/augment-projects/Concure Cloud/artisan(35): Illuminate\\Foundation\\Console\\Kernel->handle(Object(Symfony\\Component\\Console\\Input\\ArgvInput), Object(Symfony\\Component\\Console\\Output\\ConsoleOutput))
#39 {main}
"} 
[2026-03-03 13:46:42] local.INFO: WhatsApp Service Initialized {"provider":"wppconnect","default_provider":"twilio","clinic_config_used":false,"twilio_configured":false,"meta_configured":false,"chatapi_configured":false} 
[2026-03-03 13:46:42] local.INFO: WhatsApp Service Initialized {"provider":"wppconnect","default_provider":"twilio","clinic_config_used":false,"twilio_configured":false,"meta_configured":false,"chatapi_configured":false} 
[2026-03-03 13:46:42] local.INFO: WhatsApp Service Initialized {"provider":"wppconnect","default_provider":"twilio","clinic_config_used":false,"twilio_configured":false,"meta_configured":false,"chatapi_configured":false} 
[2026-03-03 13:46:42] local.INFO: WhatsApp Service Initialized {"provider":"wppconnect","default_provider":"twilio","clinic_config_used":false,"twilio_configured":false,"meta_configured":false,"chatapi_configured":false} 
[2026-03-03 13:46:42] local.INFO: WhatsApp Service Initialized {"provider":"wppconnect","default_provider":"twilio","clinic_config_used":false,"twilio_configured":false,"meta_configured":false,"chatapi_configured":false} 
[2026-03-03 13:46:42] local.INFO: WhatsApp Service Initialized {"provider":"wppconnect","default_provider":"twilio","clinic_config_used":false,"twilio_configured":false,"meta_configured":false,"chatapi_configured":false} 
[2026-03-03 13:46:42] local.INFO: WhatsApp Service Initialized {"provider":"wppconnect","default_provider":"twilio","clinic_config_used":false,"twilio_configured":false,"meta_configured":false,"chatapi_configured":false} 
[2026-03-03 13:46:42] local.INFO: WhatsApp Service Initialized {"provider":"wppconnect","default_provider":"twilio","clinic_config_used":false,"twilio_configured":false,"meta_configured":false,"chatapi_configured":false} 
[2026-03-03 13:46:42] local.INFO: WhatsApp Service Initialized {"provider":"wppconnect","default_provider":"twilio","clinic_config_used":false,"twilio_configured":false,"meta_configured":false,"chatapi_configured":false} 
[2026-03-03 13:46:42] local.INFO: WhatsApp Service Initialized {"provider":"wppconnect","default_provider":"twilio","clinic_config_used":false,"twilio_configured":false,"meta_configured":false,"chatapi_configured":false} 
[2026-03-03 13:46:42] local.INFO: WhatsApp Service Initialized {"provider":"wppconnect","default_provider":"twilio","clinic_config_used":false,"twilio_configured":false,"meta_configured":false,"chatapi_configured":false} 
